===== data/lib/features/orders/local/models/orders_box.dart =====
class OrdersBox {
  const OrdersBox({
    this.id = 0,
    this.remoteId = '',
  });

  final int id;
  final String remoteId;
}

===== data/lib/features/orders/local/orders_local_data_source.dart =====
import 'models/orders_box.dart';

abstract class OrdersLocalDataSource {
  Future<void> cacheItems(List<Object> items);
}


class OrdersLocalDataSourceImpl implements OrdersLocalDataSource {
  const OrdersLocalDataSourceImpl();

  static Future<OrdersLocalDataSource> init() async {
    return const OrdersLocalDataSourceImpl();
  }

  @override
  Future<void> cacheItems(List<Object> items) async {
    final placeholder = const OrdersBox();
    // TODO: Cache orders items using your local storage. Remove placeholder when implemented.
    placeholder.id;
  }
}

===== data/lib/features/orders/mappers/orders_mapper.dart =====
import 'package:domain/features/orders/entities/orders_entity.dart';
import '../local/models/orders_box.dart';
import '../remote/models/orders_dto.dart';

extension OrdersDtoMapper on OrdersDto {
  OrdersEntity toEntity() {
    return OrdersEntity(remoteId: id);
  }

  OrdersBox toBox() {
    return OrdersBox(remoteId: id);
  }
}

extension OrdersBoxMapper on OrdersBox {
  OrdersEntity toEntity() {
    return OrdersEntity(remoteId: remoteId);
  }
}

===== data/lib/features/orders/remote/models/orders_dto.dart =====
import 'package:freezed_annotation/freezed_annotation.dart';

part 'orders_dto.freezed.dart';
part 'orders_dto.g.dart';

@freezed
abstract class OrdersDto with _$OrdersDto {
  const factory OrdersDto({
    required String id,
  }) = _OrdersDto;

  factory OrdersDto.fromJson(Map<String, dynamic> json) =>
      _$OrdersDtoFromJson(json);
}

===== data/lib/features/orders/remote/orders_remote_data_source.dart =====
import 'package:dio/dio.dart';
import 'package:retrofit/retrofit.dart';


import 'models/orders_dto.dart';

part 'orders_remote_data_source.g.dart';

@RestApi(baseUrl: '')
abstract class OrdersRemoteDataSource {
  factory OrdersRemoteDataSource(Dio dio) = _OrdersRemoteDataSource;

  @GET('/orders')
  Future<List<OrdersDto>> getItems();
}

===== data/lib/features/orders/repositories/orders_repository_impl.dart =====
import 'package:domain/features/orders/entities/orders_entity.dart';
import 'package:domain/features/orders/repositories/orders_repository.dart';
import '../mappers/orders_mapper.dart';
import '../local/orders_local_data_source.dart';
import '../remote/orders_remote_data_source.dart';


class OrdersRepositoryImpl implements OrdersRepository {
  const OrdersRepositoryImpl({
    required OrdersRemoteDataSource remoteDataSource,
    required OrdersLocalDataSource localDataSource,
  })  : _remoteDataSource = remoteDataSource,
        _localDataSource = localDataSource;

  final OrdersRemoteDataSource _remoteDataSource;
  final OrdersLocalDataSource _localDataSource;

  @override
  Future<List<OrdersEntity>> getOrdersList() async {
    final items = await _remoteDataSource.getItems();
    await _localDataSource.cacheItems(items);
    return items.map((item) => item.toEntity()).toList(growable: false);
  }
}

===== data/pubspec.yaml =====
name: data
description: Data layer generated by clean_architect.
publish_to: none

environment:
  sdk: ^3.11.0
  flutter: '>=3.27.0'


dependencies:
  flutter:
    sdk: flutter
  domain:
    path: ../domain
  dio: ^5.10.0
  retrofit: ^4.9.2
  flutter_secure_storage: ^10.3.1
  freezed_annotation: ^3.1.0
  json_annotation: ^4.12.0


dev_dependencies:
  build_runner: ^2.15.1
  retrofit_generator: ^10.2.8
  freezed: ^3.2.5
  json_serializable: ^6.14.0

===== di/lib/di.dart =====
import 'package:get_it/get_it.dart';

import 'orders_di.dart';

Future<void> initDi({required GetIt get}) async {
  await initOrdersData(get);

  // clean_architect:data-registrations

  initOrdersDomain(get);

  // clean_architect:domain-registrations
}

===== di/lib/orders_di.dart =====
import 'package:get_it/get_it.dart';
import 'package:dio/dio.dart';

import 'package:data/features/orders/repositories/orders_repository_impl.dart';
import 'package:data/features/orders/local/orders_local_data_source.dart';
import 'package:data/features/orders/remote/orders_remote_data_source.dart';
import 'package:domain/features/orders/repositories/orders_repository.dart';
import 'package:domain/features/orders/usecases/get_orders_list_use_case.dart';

Future<void> initOrdersData(GetIt get) async {
  if (!get.isRegistered<OrdersLocalDataSource>()) {    final localDataSource = await OrdersLocalDataSourceImpl.init();
    get.registerLazySingleton<OrdersLocalDataSource>(
      () => localDataSource,
    );
  }
  if (!get.isRegistered<OrdersRemoteDataSource>()) {
    final dio = Dio(BaseOptions(baseUrl: ''));
    get.registerLazySingleton<OrdersRemoteDataSource>(
      () => OrdersRemoteDataSource(dio),
    );
  }

  if (!get.isRegistered<OrdersRepository>()) {
    get.registerLazySingleton<OrdersRepository>(
      () => OrdersRepositoryImpl(
        remoteDataSource: get<OrdersRemoteDataSource>(),
        localDataSource: get<OrdersLocalDataSource>(),
      ),
    );
  }
}

void initOrdersDomain(GetIt get) {
  if (!get.isRegistered<GetOrdersListUseCase>()) {
    get.registerLazySingleton<GetOrdersListUseCase>(
      () => GetOrdersListUseCase(get<OrdersRepository>()),
    );
  }
  // clean_architect:domain-registrations
}

===== di/pubspec.yaml =====
name: di
description: Dependency injection layer generated by clean_architect.
publish_to: none

environment:
  sdk: ^3.11.0

dependencies:
  domain:
    path: ../domain
  data:
    path: ../data
  get_it: ^9.2.1
  dio: ^5.10.0

===== domain/lib/features/orders/entities/orders_entity.dart =====
import 'package:freezed_annotation/freezed_annotation.dart';

part 'orders_entity.freezed.dart';

@freezed
abstract class OrdersEntity with _$OrdersEntity {
  const factory OrdersEntity({
    required String remoteId,
  }) = _OrdersEntity;
}

===== domain/lib/features/orders/repositories/orders_repository.dart =====
import '../entities/orders_entity.dart';

abstract interface class OrdersRepository {
  Future<List<OrdersEntity>> getOrdersList();
}

===== domain/lib/features/orders/usecases/get_orders_list_use_case.dart =====
import '../entities/orders_entity.dart';
import '../repositories/orders_repository.dart';

class GetOrdersListUseCase {
  const GetOrdersListUseCase(this._repository);

  final OrdersRepository _repository;

  Future<List<OrdersEntity>> call() {
    return _repository.getOrdersList();
  }
}

===== domain/pubspec.yaml =====
name: domain
description: Domain layer generated by clean_architect.
publish_to: none

environment:
  sdk: ^3.11.0

dependencies:
  freezed_annotation: ^3.1.0

dev_dependencies:
  build_runner: ^2.15.1
  freezed: ^3.2.5

===== presentation/analysis_options.yaml =====
include: package:flutter_lints/flutter.yaml

===== presentation/asset_generator_kit.yaml =====
assets_generator_kit:
  input:
    - assets/images
    - assets/icons

  output: lib/generated/assets.dart

  integrations:
    svg: true
    lottie: false

===== presentation/assets/icons/.gitkeep =====


===== presentation/assets/images/.gitkeep =====


===== presentation/lib/constants/.gitkeep =====


===== presentation/lib/controllers/.gitkeep =====


===== presentation/lib/controllers/orders_controller.dart =====
import 'package:get/get.dart';
import 'package:domain/features/orders/usecases/get_orders_list_use_case.dart';
import 'package:get_it/get_it.dart';

class OrdersController extends GetxController {
  final _getOrdersListUseCase = GetIt.instance.get<GetOrdersListUseCase>();

  final items = <String>[].obs;

  Future<void> load() async {
    final entities = await _getOrdersListUseCase();
    items.assignAll(entities.map((entity) => entity.remoteId));
  }
}

===== presentation/lib/main.dart =====
import 'package:di/di.dart';
import 'package:flutter/material.dart';
import 'package:get_it/get_it.dart';

Future<void> main() async {
  WidgetsFlutterBinding.ensureInitialized();
  await initDi(get: GetIt.instance);
  runApp(const CleanArchitectApp());
}

class CleanArchitectApp extends StatelessWidget {
  const CleanArchitectApp({super.key});

  @override
  Widget build(BuildContext context) {
    return MaterialApp(
      title: 'Clean Architect',
      theme: ThemeData(
        colorScheme: ColorScheme.fromSeed(seedColor: Colors.blue),
        useMaterial3: true,
      ),
      home: const Scaffold(
        body: Center(child: Text('Clean Architect')),
      ),
    );
  }
}

===== presentation/lib/pages/.gitkeep =====


===== presentation/lib/pages/orders_page.dart =====
import 'package:flutter/material.dart';
import 'package:get/get.dart';

import '../controllers/orders_controller.dart';

class OrdersPage extends StatefulWidget {
  const OrdersPage({super.key});

  @override
  State<OrdersPage> createState() => _OrdersPageState();
}

class _OrdersPageState extends State<OrdersPage> {
  late final OrdersController controller;

  @override
  void initState() {
    super.initState();
    Get.put(OrdersController());
    controller = Get.find<OrdersController>();
    controller.load();
  }

  @override
  Widget build(BuildContext context) {
    return Scaffold(
      appBar: AppBar(title: const Text('Orders')),
      body: Obx(() {
        if (controller.items.isEmpty) {
          return const Center(child: Text('Orders'));
        }
        return ListView.builder(
          itemCount: controller.items.length,
          itemBuilder: (context, index) {
            return OrdersViewItem(id: controller.items[index]);
          },
        );
      }),
    );
  }
}
class OrdersViewItem extends StatelessWidget {
  const OrdersViewItem({
    required this.id,
    super.key,
  });

  final String id;

  @override
  Widget build(BuildContext context) {
    return ListTile(title: Text(id));
  }
}

===== presentation/lib/utils/.gitkeep =====


===== presentation/lib/widgets/.gitkeep =====


===== presentation/pubspec.yaml =====
name: presentation
description: Flutter presentation layer generated by clean_architect.
publish_to: none

environment:
  sdk: ^3.11.0
  flutter: '>=3.27.0'

dependencies:
  flutter:
    sdk: flutter
  domain:
    path: ../domain
  data:
    path: ../data
  di:
    path: ../di
  get_it: ^9.2.1
  get: ^4.7.3

dev_dependencies:
  flutter_test:
    sdk: flutter
  flutter_lints: ^6.0.0
  build_runner: ^2.15.1
  assets_generator_kit: ^0.1.0
flutter:
  uses-material-design: true
